WARNING: A restricted method in java.lang.System has been called
WARNING: java.lang.System::load has been called by net.rubygrapefruit.platform.internal.NativeLibraryLoader in an unnamed module (file:/home/fin/.gradle/wrapper/dists/gradle-8.14-bin/38aieal9i53h9rfe7vjup95b9/gradle-8.14/lib/native-platform-0.22-milestone-28.jar)
WARNING: Use --enable-native-access=ALL-UNNAMED to avoid a warning for callers in this module
WARNING: Restricted methods will be blocked in a future release unless native access is enabled

Starting a Gradle Daemon, 5 busy and 2 incompatible Daemons could not be reused, use --status for details

> Configure project :
Architect Plugin: 3.4.164
Architectury Loom: 1.11.458

> Task :common:compileJava UP-TO-DATE
> Task :common:processResources UP-TO-DATE
> Task :common:classes UP-TO-DATE
> Task :common:jar UP-TO-DATE

> Task :fabric:compileJava
Note: /home/fin/Projects/Source/ExtraBiomes/ExtraBiomes - Java/fabric/src/main/java/net/winepicfin/extrabiomes/fabric/ExtraBiomesFabricClient.java uses or overrides a deprecated API.
Note: Recompile with -Xlint:deprecation for details.
Note: Some input files use unchecked or unsafe operations.
Note: Recompile with -Xlint:unchecked for details.

> Task :fabric:processResources UP-TO-DATE
> Task :fabric:classes
> Task :fabric:generateLog4jConfig UP-TO-DATE
> Task :fabric:generateRemapClasspath UP-TO-DATE
> Task :fabric:generateDLIConfig UP-TO-DATE
> Task :fabric:prepareArchitecturyTransformer
> Task :fabric:configureLaunch

> Task :fabric:runServer
[Architectury Transformer] Architectury Runtime 5.2.91
[Architectury Transformer] Read classpath in 1.331 s
[Architectury Transformer] Listening at /home/fin/Projects/Source/ExtraBiomes/ExtraBiomes - Java/common/build/devlibs/ExtraBiomes-3.1.0-beta-2-dev.jar
[34m[01:33:13][m [32m[main/INFO][m [36m(FabricLoader/GameProvider)[m [0mLoading Minecraft 1.20.1 with Fabric Loader 0.16.14
[m[34m[01:33:13][m [32m[main/INFO][m [36m(FabricLoader)[m [0mLoading 50 mods:
	- architectury 9.0.8
	- extrabiomes 3.1.0-beta-2
	- fabric-api 0.92.6+1.20.1
	- fabric-api-base 0.4.32+1802ada577
	- fabric-api-lookup-api-v1 1.6.37+1802ada577
	- fabric-biome-api-v1 13.0.14+1802ada577
	- fabric-block-api-v1 1.0.12+1802ada577
	- fabric-block-view-api-v2 1.0.3+924f046a77
	- fabric-command-api-v1 1.2.35+f71b366f77
	- fabric-command-api-v2 2.2.14+1802ada577
	- fabric-commands-v0 0.2.52+df3654b377
	- fabric-containers-v0 0.1.67+df3654b377
	- fabric-content-registries-v0 4.0.13+1802ada577
	- fabric-convention-tags-v1 1.5.6+1802ada577
	- fabric-crash-report-info-v1 0.2.20+1802ada577
	- fabric-data-attachment-api-v1 1.0.2+de0fd6d177
	- fabric-data-generation-api-v1 12.3.7+1802ada577
	- fabric-dimensions-v1 2.1.55+1802ada577
	- fabric-entity-events-v1 1.6.1+1c78457f77
	- fabric-events-interaction-v0 0.6.5+13a40c6677
	- fabric-events-lifecycle-v0 0.2.64+df3654b377
	- fabric-game-rule-api-v1 1.0.41+1802ada577
	- fabric-gametest-api-v1 1.2.15+1802ada577
	- fabric-item-api-v1 2.1.29+1802ada577
	- fabric-item-group-api-v1 4.0.14+1802ada577
	- fabric-lifecycle-events-v1 2.2.23+1802ada577
	- fabric-loot-api-v2 1.2.3+1802ada577
	- fabric-loot-tables-v1 1.1.47+9e7660c677
	- fabric-message-api-v1 5.1.10+1802ada577
	- fabric-mining-level-api-v1 2.1.52+1802ada577
	- fabric-networking-api-v1 1.3.14+a158aa0477
	- fabric-networking-v0 0.3.54+df3654b377
	- fabric-object-builder-api-v1 11.1.5+e35120df77
	- fabric-particles-v1 1.1.3+1802ada577
	- fabric-recipe-api-v1 1.0.24+1802ada577
	- fabric-registry-sync-v0 2.3.6+1802ada577
	- fabric-rendering-data-attachment-v1 0.3.39+92a0d36777
	- fabric-rendering-fluids-v1 3.0.29+1802ada577
	- fabric-resource-conditions-api-v1 2.3.9+1802ada577
	- fabric-resource-loader-v0 0.11.12+fb82e9d777
	- fabric-screen-handler-api-v1 1.3.33+1802ada577
	- fabric-transfer-api-v1 3.3.6+8dd72ea377
	- fabric-transitive-access-wideners-v1 4.3.2+1802ada577
	- fabricloader 0.16.14
	- geckolib 4.7.2
	- generated_809173e 1.0.0
	- java 17
	- minecraft 1.20.1
	- mixinextras 0.4.1
	- terrablender 3.0.1.10
[m[34m[01:33:14][m [32m[main/INFO][m [36m(FabricLoader/Mixin)[m [0mSpongePowered MIXIN Subsystem Version=0.8.7 Source=file:/home/fin/.gradle/caches/modules-2/files-2.1/net.fabricmc/sponge-mixin/0.15.5+mixin.0.8.7/22f9eb729e216a091673a574a5906dc1b9027fb3/sponge-mixin-0.15.5+mixin.0.8.7.jar Service=Knot/Fabric Env=SERVER
[m[34m[01:33:14][m [32m[main/INFO][m [36m(FabricLoader/Mixin)[m [0mLoaded Fabric development mappings for mixin remapper!
[m[34m[01:33:14][m [32m[main/INFO][m [36m(FabricLoader/Mixin)[m [0mCompatibility level set to JAVA_16
[m[34m[01:33:14][m [32m[main/INFO][m [36m(FabricLoader/Mixin)[m [0mCompatibility level set to JAVA_17
[m[34m[01:33:14][m [32m[main/INFO][m [36m(FabricLoader/MixinExtras|Service)[m [0mInitializing MixinExtras via com.llamalad7.mixinextras.service.MixinExtrasServiceImpl(version=0.4.1).
[m[34m[01:33:16][m [31m[main/ERROR][m [36m(Minecraft)[m [31mNo data fixer registered for puckoo
[m[34m[01:33:16][m [31m[main/ERROR][m [36m(Minecraft)[m [31mNo data fixer registered for worm
[m[34m[01:33:16][m [31m[main/ERROR][m [36m(Minecraft)[m [31mNo data fixer registered for treefrog
[m[34m[01:33:16][m [31m[main/ERROR][m [36m(Minecraft)[m [31mNo data fixer registered for hoppleshroom
[m[34m[01:33:16][m [31m[main/ERROR][m [36m(Minecraft)[m [31mNo data fixer registered for giant_tortoise
[m[34m[01:33:16][m [31m[main/ERROR][m [36m(Minecraft)[m [31mNo data fixer registered for jellyfish
[m[34m[01:33:17][m [31m[main/ERROR][m [36m(Minecraft)[m [31mNo data fixer registered for piranha
[m[34m[01:33:17][m [31m[main/ERROR][m [36m(Minecraft)[m [31mNo data fixer registered for harpy
[m[34m[01:33:17][m [31m[main/ERROR][m [36m(Minecraft)[m [31mNo data fixer registered for pebble_projectile
[m[34m[01:33:17][m [31m[main/ERROR][m [36m(Minecraft)[m [31mNo data fixer registered for mossy_pebble_projectile
[m[34m[01:33:17][m [31m[main/ERROR][m [36m(Minecraft)[m [31mNo data fixer registered for razor_feather
[m[34m[01:33:17][m [31m[main/ERROR][m [36m(Minecraft)[m [31mNo data fixer registered for diamond_razor_feather
[m[34m[01:33:17][m [31m[main/ERROR][m [36m(Minecraft)[m [31mNo data fixer registered for netherite_razor_feather
[m[34m[01:33:17][m [31m[main/ERROR][m [36m(Minecraft)[m [31mNo data fixer registered for bait_projectile
[m[34m[01:33:17][m [32m[main/INFO][m [36m(terrablender)[m [0mRegistered region minecraft:overworld to index 0 for type OVERWORLD
[m[34m[01:33:17][m [32m[main/INFO][m [36m(terrablender)[m [0mRegistered region minecraft:nether to index 0 for type NETHER
[m[34m[01:33:17][m [32m[main/INFO][m [36m(terrablender)[m [0mRegistered region extrabiomes:overworld to index 1 for type OVERWORLD
[m[34m[01:33:17][m [32m[main/INFO][m [36m(terrablender)[m [0mRegistered region extrabiomes:overworld_secondary to index 2 for type OVERWORLD
[m[34m[01:33:17][m [32m[main/INFO][m [36m(terrablender)[m [0mRegistered region extrabiomes:overworld_rare to index 3 for type OVERWORLD
[m[34m[01:33:17][m [32m[main/INFO][m [36m(Minecraft)[m [0mEnvironment: authHost='https://authserver.mojang.com', accountsHost='https://api.mojang.com', sessionHost='https://sessionserver.mojang.com', servicesHost='https://api.minecraftservices.com', name='PROD'
[m[34m[01:33:17][m [32m[main/INFO][m [36m(Minecraft)[m [0mLoaded 7 recipes
[m[34m[01:33:17][m [32m[main/INFO][m [36m(Minecraft)[m [0mLoaded 1379 advancements
[m[34m[01:33:18][m [32m[main/INFO][m [36m(terrablender)[m [0mInitialized TerraBlender biomes for level stem minecraft:the_nether
[m[34m[01:33:18][m [32m[main/INFO][m [36m(terrablender)[m [0mInitialized TerraBlender biomes for level stem minecraft:overworld
[m[34m[01:33:18][m [32m[main/INFO][m [36m(BiomeModificationImpl)[m [0mApplied 276 biome modifications to 82 of 91 new biomes in 7.155 ms
[m[34m[01:33:18][m [32m[Server thread/INFO][m [36m(Minecraft)[m [0mStarting minecraft server version 1.20.1
[m[34m[01:33:18][m [32m[Server thread/INFO][m [36m(Minecraft)[m [0mLoading properties
[m[34m[01:33:18][m [32m[Server thread/INFO][m [36m(Minecraft)[m [0mDefault game type: SURVIVAL
[m[34m[01:33:18][m [32m[Server thread/INFO][m [36m(Minecraft)[m [0mGenerating keypair
[m[34m[01:33:18][m [32m[Server thread/INFO][m [36m(Minecraft)[m [0mStarting Minecraft server on *:25565
[m[34m[01:33:18][m [32m[Server thread/INFO][m [36m(Minecraft)[m [0mUsing epoll channel type
[m[34m[01:33:18][m [32m[Server thread/INFO][m [36m(Minecraft)[m [0mPreparing level "world"
[m[34m[01:33:19][m [32m[Server thread/INFO][m [36m(Minecraft)[m [0mPreparing start region for dimension minecraft:overworld
[m[34m[01:33:20][m [32m[Worker-Main-11/INFO][m [36m(Minecraft)[m [0mPreparing spawn area: 0%
[m[34m[01:33:20][m [32m[Worker-Main-11/INFO][m [36m(Minecraft)[m [0mPreparing spawn area: 0%
[m[34m[01:33:20][m [32m[Worker-Main-30/INFO][m [36m(Minecraft)[m [0mPreparing spawn area: 0%
[m[34m[01:33:21][m [32m[Worker-Main-30/INFO][m [36m(Minecraft)[m [0mPreparing spawn area: 79%
[m[34m[01:33:21][m [32m[Server thread/INFO][m [36m(Minecraft)[m [0mTime elapsed: 1930 ms
[m[34m[01:33:21][m [32m[Server thread/INFO][m [36m(Minecraft)[m [0mDone (2.994s)! For help, type "help"
[m[34m[01:34:32][m [32m[Server thread/INFO][m [36m(Minecraft)[m [0mThe nearest extrabiomes:grand_oasis is at [608, 73, -896] (817 blocks away)
[m[34m[01:34:32][m [32m[Server thread/INFO][m [36m(Minecraft)[m [0mLocating element extrabiomes:grand_oasis took 212 ms
[m